<?xml version="1.0" encoding="UTF-8"?>
<testsuites name="jest tests" tests="2" failures="0" time="3.703">
  <testsuite name="undefined" errors="0" failures="0" skipped="0" timestamp="2019-05-08T00:04:02" time="1.97" tests="1">
    <testcase classname=" contains 3 NavLinks via shallow" name=" contains 3 NavLinks via shallow" time="0.012">
    </testcase>
  </testsuite>
  <testsuite name="undefined" errors="0" failures="0" skipped="0" timestamp="2019-05-08T00:04:02" time="2.096" tests="1">
    <testcase classname=" sets error when attempting to save an empty title field" name=" sets error when attempting to save an empty title field" time="0.06">
    </testcase>
  </testsuite>
</testsuites>